
> sanage-tsunagu@0.1.0 build
> next build

   ▲ Next.js 15.4.6
   - Environments: .env.local

   Creating an optimized production build ...
Client network socket disconnected before secure TLS connection was established

Retrying 1/3...
Client network socket disconnected before secure TLS connection was established

Retrying 2/3...
Client network socket disconnected before secure TLS connection was established

Retrying 3/3...
[Error: Client network socket disconnected before secure TLS connection was established] {
  code: 'ECONNRESET',
  path: null,
  host: 'fonts.googleapis.com',
  port: 443,
  localAddress: undefined
}
Failed to compile.

src\app\layout.tsx
`next/font` error:
Failed to fetch `Inter` from Google Fonts.


> Build failed because of webpack errors
